[
    "\nSetting voltage to 0\n---------------------------\n",
    "\nSetting voltage to 0.45\n---------------------------\n",
    "\nSetting voltage to 0.9\n---------------------------\n",
    "\nSetting voltage to 1.35\n---------------------------\n",
    "\nSetting voltage to 1.8\n---------------------------\n",
    "\nSetting voltage to 2.25\n---------------------------\n",
    "\nSetting voltage to 2.7\n---------------------------\n",
    "\nSetting voltage to 3.1500000000000004\n---------------------------\n",
    "\nSetting voltage to 3.6000000000000005\n---------------------------\n",
    "\nSetting voltage to 4.050000000000001\n---------------------------\n",
    "\nSetting voltage to 4.500000000000001\n---------------------------\n",
    "\nSetting voltage to 4.950000000000001\n---------------------------\n",
    "\nSetting voltage to 5.400000000000001\n---------------------------\n",
    "\nSetting voltage to 5.850000000000001\n---------------------------\n",
    "\nSetting voltage to 6.300000000000002\n---------------------------\n",
    "\nSetting voltage to 6.750000000000002\n---------------------------\n",
    "\nSetting voltage to 7.200000000000002\n---------------------------\n",
    "\nSetting voltage to 7.650000000000002\n---------------------------\n",
    "\nSetting voltage to 8.100000000000001\n---------------------------\n",
    "\nSetting voltage to 8.55\n---------------------------\n",
    "\nSetting voltage to 9\n---------------------------\n"
]
